python : Creating test database for alias 'default'...
En línea: 1 Carácter: 75
+ ... to\ProyectoInventario"; python manage.py test -v 1 *> test_output.txt
+                             ~~~~~~~~~~~~~~~~~~~~~~~~~~~~~~~~~~~~~~~~~~~~~
    + CategoryInfo          : NotSpecified: (Creating test d...as 'default'...:String) [], RemoteException
    + FullyQualifiedErrorId : NativeCommandError
 

.....C:\Users\Mundaca\AppData\Local\Programs\Python\Python314\Lib\site-packages\django\db\models\fields\__init__.py:1670: RuntimeWarning: DateTimeField Caja.hora_apertura 
received a naive datetime (2026-01-09 16:47:00.135527) while time zone support is active.
  warnings.warn(
....
----------------------------------------------------------------------
Ran 9 tests in 12.872s

OK
Destroying test database for alias 'default'...

Found 9 test(s).
System check identified no issues (0 silenced).
user: tester
Usando caja abierta: 1
Producto usado: 1 precio_venta: 10.00
DEBUG_SIGNAL Venta 1 instance.total=Decimal('10000.00') db_total=Decimal('10000.00')
DEBUG_SIGNAL Creating Actividad for Venta 1 with descripcion=Venta 1 total $10.000 (EFECTIVO)
DEBUG_SIGNAL Venta 2 instance.total=Decimal('10000.00') db_total=Decimal('10000.00')
DEBUG_SIGNAL Creating Actividad for Venta 2 with descripcion=Venta 2 total $10.000 (DEBITO)
Ventas creadas: EFECTIVO id=1, DEBITO id=2
Cantidad por detalle: 1000.000 subtotal calculado: 10000.00
DEBUG_CIERRE Venta 1 total (raw): 10000.00
DEBUG_CIERRE Venta 2 total (raw): 10000.00
DEBUG_CIERRE Caja 1 total_vendido (Decimal): 20000.00
DEBUG_SIGNAL Venta 1 instance.total=Decimal('10.00') db_total=Decimal('10.00')
DEBUG_SIGNAL Creating Actividad for Venta 1 with descripcion=Venta 1 total $10 (EFECTIVO)
DEBUG_SIGNAL Venta 1 instance.total=Decimal('4.00') db_total=Decimal('4.00')
DEBUG_SIGNAL Creating Actividad for Venta 1 with descripcion=Venta 1 total $4 (EFECTIVO)
DEBUG_VENTA Venta 1 total (raw): 4.00
